    Updating crates.io index
warning: spurious network error (3 tries remaining): [56] Failure when receiving data from the peer (CONNECT tunnel failed, response 403)
warning: spurious network error (2 tries remaining): [56] Failure when receiving data from the peer (CONNECT tunnel failed, response 403)
warning: spurious network error (1 tries remaining): [56] Failure when receiving data from the peer (CONNECT tunnel failed, response 403)
error: failed to get `base64` as a dependency of package `ohkami v0.24.0 (/workspace/ohkami-v0.23.5-to-0.24-migration-notes/ohkami-0.24/ohkami)`

Caused by:
  download of config.json failed

Caused by:
  failed to download from `https://index.crates.io/config.json`

Caused by:
  [56] Failure when receiving data from the peer (CONNECT tunnel failed, response 403)
